title_id: 174032566, song: How Far, artist: Tasha Layton, ERROR:'metrics'
title_id: 174032566, song: How Far, artist: Tasha Layton, ERROR:'metrics'
title_id: 142968895, song: Now Here, artist: Red Rocks Worship, ERROR:'metrics'
title_id: 140309885, song: Goodness Of God, artist: Rhett Walker, ERROR:'metrics'
title_id: 166244876, song: What He's Done, artist: Passion Feat. Kristian Stanfill, Tasha Cobbs Leonard & Anna Golden, ERROR:'metrics'
title_id: 133451050, song: Into The Wild, artist: Josh Baldwin, ERROR:'metrics'